7.01.2024
обломинго в 127 строке при вставке текста:

        <ul>
          <li><a href="day-1.html">День первый. Как я забыл покормить кота</a></li>
          <!-- Добавьте ссылки внутрь трёх пунктов ниже -->
          <li><a href="day-2.html">День второй. Хочу быть верстальщиком</a></li>
          <li><a href="day-3.html">День третий. Мой кот на меня обиделся</a></li>
          <li><a href="day-4.html">День четвёртый. Как я чуть не заболел</a></li>
          <li>День пятый. Отдыхаю</li>
          <li>День шестой. Как я ничего не понял</li>
          <li>День седьмой. Кекс выдал мне задание</li>
          <li>День восьмой. Очень серьёзный</li>
          <li>День девятый. Точнее ночь</li>
          <li>День десятый. Подведение итогов</li>
          <li>День одиннадцатый. Без фанатизма</li>
        </ul>
		
		
---
		